   Compiling proc-macro2 v1.0.107
   Compiling indexmap v2.14.0
   Compiling winnow v0.5.40
   Compiling serde_core v1.0.229
    Checking libc v0.2.189
   Compiling version_check v0.9.5
   Compiling target-lexicon v0.12.16
   Compiling cfg-expr v0.15.8
   Compiling thiserror v1.0.69
   Compiling quote v1.0.47
   Compiling syn v3.0.3
   Compiling syn v2.0.119
   Compiling siphasher v1.0.3
   Compiling fastrand v2.5.0
   Compiling icu_properties_data v2.2.0
   Compiling phf_shared v0.13.1
   Compiling stable_deref_trait v1.2.1
   Compiling icu_normalizer_data v2.2.0
    Checking memchr v2.8.3
   Compiling cfg-if v1.0.4
   Compiling zmij v1.0.23
   Compiling phf_generator v0.13.1
   Compiling autocfg v1.5.1
    Checking smallvec v1.15.2
   Compiling parking_lot_core v0.9.12
   Compiling proc-macro-error-attr v1.0.4
   Compiling syn v1.0.109
    Checking once_cell v1.21.4
   Compiling proc-macro-error v1.0.4
   Compiling num-conv v0.2.2
   Compiling time-core v0.1.9
   Compiling typeid v1.0.3
   Compiling phf_codegen v0.13.1
   Compiling ident_case v1.0.1
   Compiling semver v1.0.28
   Compiling strsim v0.11.1
   Compiling itoa v1.0.18
   Compiling writeable v0.6.3
   Compiling thiserror v2.0.19
    Checking pin-project-lite v0.2.17
   Compiling litemap v0.8.2
    Checking futures-core v0.3.33
    Checking futures-task v0.3.33
   Compiling utf8_iter v1.0.4
   Compiling erased-serde v0.4.10
    Checking slab v0.4.12
   Compiling rustc_version v0.4.1
    Checking bitflags v2.13.1
   Compiling new_debug_unreachable v1.0.6
   Compiling heck v0.4.1
   Compiling scopeguard v1.2.0
    Checking futures-channel v0.3.33
   Compiling lock_api v0.4.14
   Compiling string_cache_codegen v0.6.1
   Compiling getrandom v0.4.3
   Compiling winnow v1.0.4
   Compiling serde v1.0.229
   Compiling serde_json v1.0.151
   Compiling anyhow v1.0.104
   Compiling precomputed-hash v0.1.1
   Compiling parking_lot v0.12.5
   Compiling serde_spanned v1.1.1
   Compiling web_atoms v0.2.5
   Compiling ctor-proc-macro v0.0.7
   Compiling serde_derive v1.0.229
   Compiling thiserror-impl v2.0.19
   Compiling toml_parser v1.1.2+spec-1.1.0
   Compiling toml_writer v1.1.2+spec-1.1.0
   Compiling string_cache v0.9.0
   Compiling dtoa v1.0.11
   Compiling percent-encoding v2.3.2
   Compiling log v0.4.33
   Compiling dtoa-short v0.3.5
   Compiling uuid v1.24.0
   Compiling form_urlencoded v1.2.2
   Compiling tendril v0.5.1
   Compiling selectors v0.36.1
   Compiling toml_datetime v1.1.1+spec-1.1.0
   Compiling aho-corasick v1.1.4
   Compiling synstructure v0.13.2
   Compiling darling_core v0.23.0
   Compiling indexmap v1.9.3
   Compiling unic-common v0.9.0
   Compiling byteorder v1.5.0
   Compiling regex-syntax v0.8.11
   Compiling alloc-no-stdlib v2.0.4
   Compiling unic-char-range v0.9.0
   Compiling gio v0.18.4
   Compiling camino v1.2.4
   Compiling unic-char-property v0.9.0
   Compiling alloc-stdlib v0.2.4
   Compiling unic-ucd-version v0.9.0
   Compiling toml v1.1.3+spec-1.1.0
   Compiling serde_derive_internals v0.29.1
   Compiling servo_arc v0.4.3
   Compiling schemars v0.8.22
   Compiling hashbrown v0.12.3
   Compiling zerofrom-derive v0.1.7
   Compiling yoke-derive v0.8.2
   Compiling zerovec-derive v0.11.3
   Compiling displaydoc v0.2.6
   Compiling thiserror-impl v1.0.69
   Compiling phf_macros v0.13.1
   Compiling toml_datetime v0.6.3
   Compiling serde_spanned v0.6.9
   Compiling futures-macro v0.3.33
   Compiling toml_edit v0.20.2
   Compiling derive_more-impl v2.1.1
   Compiling zerofrom v0.1.8
   Compiling yoke v0.8.3
   Compiling darling_macro v0.23.0
   Compiling zerovec v0.11.6
   Compiling zerotrie v0.2.4
   Compiling darling v0.23.0
   Compiling phf v0.13.1
   Compiling serde_with_macros v3.21.0
    Checking futures-util v0.3.33
   Compiling cssparser-macros v0.6.1
   Compiling derive_more v2.1.1
   Compiling regex-automata v0.4.16
   Compiling cssparser v0.36.0
    Checking futures-io v0.3.33
   Compiling tinystr v0.8.3
   Compiling potential_utf v0.1.5
   Compiling icu_collections v2.2.0
   Compiling icu_locale_core v2.2.0
   Compiling markup5ever v0.38.0
   Compiling fnv v1.0.7
   Compiling powerfmt v0.2.0
   Compiling deranged v0.5.8
   Compiling rustc-hash v2.1.3
   Compiling bit-vec v0.8.0
   Compiling cfb v0.7.3
   Compiling bit-set v0.8.0
   Compiling html5ever v0.38.0
   Compiling toml v0.8.2
   Compiling icu_provider v2.2.0
   Compiling proc-macro-crate v2.0.2
   Compiling system-deps v6.2.2
    Checking futures-executor v0.3.33
   Compiling icu_normalizer v2.2.0
   Compiling icu_properties v2.2.0
   Compiling time v0.3.54
   Compiling cargo-platform v0.1.9
   Compiling jsonptr v0.6.3
   Compiling schemars_derive v0.8.22
   Compiling glib-macros v0.18.5
   Compiling glib-sys v0.18.1
   Compiling gobject-sys v0.18.0
   Compiling gio-sys v0.18.1
   Compiling gdk-sys v0.18.2
   Compiling pango-sys v0.18.0
   Compiling cairo-sys-rs v0.18.2
   Compiling gdk-pixbuf-sys v0.18.0
   Compiling atk-sys v0.18.2
   Compiling idna_adapter v1.2.2
   Compiling idna v1.1.0
   Compiling gtk-sys v0.18.2
   Compiling regex v1.13.1
   Compiling url v2.5.8
   Compiling unic-ucd-ident v0.9.0
   Compiling brotli-decompressor v5.0.3
   Compiling quick-xml v0.41.0
   Compiling base64 v0.22.1
   Compiling dyn-clone v1.0.20
   Compiling foldhash v0.2.0
   Compiling dunce v1.0.5
   Compiling bytes v1.12.1
   Compiling same-file v1.0.6
   Compiling dom_query v0.27.0
   Compiling walkdir v2.5.0
   Compiling urlpattern v0.3.0
   Compiling http v1.4.2
   Compiling brotli v8.0.4
   Compiling plist v1.10.0
   Compiling serde-untagged v0.1.9
    Checking glib v0.18.5
   Compiling cargo_metadata v0.19.2
   Compiling json-patch v3.0.1
   Compiling infer v0.19.0
   Compiling serde_with v3.21.0
   Compiling ctor v0.8.0
   Compiling glob v0.3.4
   Compiling memoffset v0.9.1
   Compiling toml_edit v0.19.15
   Compiling field-offset v0.3.6
   Compiling shlex v2.0.1
   Compiling find-msvc-tools v0.1.9
   Compiling cc v1.3.0
   Compiling soup3-sys v0.5.0
   Compiling javascriptcore-rs-sys v1.1.1
   Compiling toml_datetime v0.7.5+spec-1.1.0
   Compiling generic-array v0.14.7
   Compiling gtk v0.18.2
   Compiling option-ext v0.2.0
   Compiling tauri-utils v2.9.3
   Compiling winnow v0.7.15
   Compiling dirs-sys v0.5.0
   Compiling proc-macro-crate v1.3.1
   Compiling embed-resource v3.0.11
   Compiling webkit2gtk-sys v2.0.2
   Compiling time-macros v0.2.32
   Compiling x11 v2.21.0
   Compiling crc32fast v1.5.0
   Compiling typenum v1.20.1
   Compiling simd-adler32 v0.3.10
   Compiling gtk3-macros v0.18.2
   Compiling toml v0.9.12+spec-1.1.0
   Compiling tauri-winres v0.3.6
   Compiling dirs v6.0.0
   Compiling gdkx11-sys v0.18.2
   Compiling cargo_toml v0.22.3
   Compiling crossbeam-utils v0.8.22
   Compiling adler2 v2.0.1
    Checking cairo-rs v0.18.5
    Checking atk v0.18.2
    Checking bitflags v1.3.2
   Compiling miniz_oxide v0.8.9
    Checking dpi v0.1.2
   Compiling cookie v0.18.1
   Compiling x11-dl v2.21.0
   Compiling libdbus-sys v0.2.7
    Checking equivalent v1.0.2
    Checking hashbrown v0.17.1
   Compiling flate2 v1.1.9
    Checking javascriptcore-rs v1.1.2
   Compiling block-buffer v0.10.4
   Compiling crypto-common v0.1.7
   Compiling fdeflate v0.3.7
    Checking raw-window-handle v0.6.2
   Compiling png v0.17.16
   Compiling digest v0.10.7
    Checking crossbeam-channel v0.5.16
   Compiling tauri-build v2.6.3
   Compiling dlopen2_derive v0.4.3
    Checking errno v0.3.14
   Compiling signal-hook v0.3.18
   Compiling maybe-uninit v2.0.0
   Compiling cpufeatures v0.2.17
   Compiling tauri-runtime v2.11.3
   Compiling wry v0.55.1
   Compiling sha2 v0.10.9
    Checking dlopen2 v0.8.2
    Checking signal-hook-registry v1.4.8
    Checking dbus v0.9.12
   Compiling ico v0.5.0
   Compiling tauri-plugin v2.6.3
    Checking gdkwayland-sys v0.18.2
   Compiling tauri-runtime-wry v2.11.4
    Checking unicode-segmentation v1.13.3
   Compiling getrandom v0.3.4
   Compiling tauri-codegen v2.6.3
    Checking keyboard-types v0.7.0
   Compiling serialize-to-javascript-impl v0.1.2
    Checking is-docker v0.2.0
    Checking os_pipe v1.2.3
    Checking is-wsl v0.4.0
    Checking sigchld v0.2.4
    Checking serialize-to-javascript v0.1.2
    Checking smallvec v0.6.14
    Checking tokio v1.53.1
   Compiling serde_repr v0.1.21
    Checking heck v0.5.0
    Checking mime v0.3.17
    Checking unicode-normalization v0.1.9
    Checking shared_child v1.1.1
    Checking open v5.4.0
    Checking encoding_rs v0.8.35
    Checking rand_core v0.4.2
    Checking bitcoin_hashes v0.9.7
    Checking hex v0.4.3
   Compiling tauri v2.11.5
   Compiling tauri-plugin-shell v2.3.5
   Compiling tauri-macros v2.6.3
   Compiling zero_day_chat v1.0.0 (/home/mikraza/zero-day-chat/src-tauri)
    Checking bip39 v1.0.1
    Checking gdk-pixbuf v0.18.5
    Checking pango v0.18.3
    Checking soup3 v0.5.0
    Checking gdk v0.18.2
    Checking gdkx11 v0.18.2
    Checking webkit2gtk v2.0.2
    Checking tao v0.35.3
    Checking muda v0.19.3
error[E0432]: unresolved import `bip39::MnemonicType`
 --> src-tauri/src/identity.rs:1:23
  |
1 | use bip39::{Mnemonic, MnemonicType, Language};
  |                       ^^^^^^^^^^^^ no `MnemonicType` in the root
  |
help: a similar name exists in the module
  |
1 - use bip39::{Mnemonic, MnemonicType, Language};
1 + use bip39::{Mnemonic, Mnemonic, Language};
  |

error[E0599]: no associated function or constant named `new` found for struct `Mnemonic` in the current scope
   --> src-tauri/src/identity.rs:17:30
    |
 17 | ...ic::new(MnemonicType::Words12, Language::English);
    |        ^^^ associated function or constant not found in `Mnemonic`
    |
note: if you're trying to build a new `Mnemonic` consider using one of the following associated functions:
      Mnemonic::from_entropy_in
      Mnemonic::from_entropy
      Mnemonic::generate_in_with
      Mnemonic::parse_in_normalized
      and 3 others
   --> /home/mikraza/.cargo/registry/src/index.crates.io-1949cf8c6b5b557f/bip39-1.0.1/src/lib.rs:180:2
    |
180 |       pub fn from_entropy_in(language: Language, entropy: &[u8]) -> Result<Mnemonic, Error> {
    |       ^^^^^^^^^^^^^^^^^^^^^^^^^^^^^^^^^^^^^^^^^^^^^^^^^^^^^^^^^^^^^^^^^^^^^^^^^^^^^^^^^^^^^
...
226 |       pub fn from_entropy(entropy: &[u8]) -> Result<Mnemonic, Error> {
    |       ^^^^^^^^^^^^^^^^^^^^^^^^^^^^^^^^^^^^^^^^^^^^^^^^^^^^^^^^^^^^^^
...
245 | /     pub fn generate_in_with<R>(
246 | |         rng: &mut R,
247 | |         language: Language,
248 | |         word_count: usize,
249 | |     ) -> Result<Mnemonic, Error>
250 | |     where
251 | |         R: rand_core::RngCore + rand_core::CryptoRng,
    | |_____________________________________________________^
...
378 |       pub fn parse_in_normalized(language: Language, s: &str) -> Result<Mnemonic, Error> {
    |       ^^^^^^^^^^^^^^^^^^^^^^^^^^^^^^^^^^^^^^^^^^^^^^^^^^^^^^^^^^^^^^^^^^^^^^^^^^^^^^^^^^
help: there is a method `ne` with a similar name, but with different arguments
   --> /rustc/8bab26f4f68e0e26f0bb7960be334d5b520ea452/library/core/src/cmp.rs:263:4

error[E0599]: no associated function or constant named `from_phrase` found for struct `Mnemonic` in the current scope
   --> src-tauri/src/identity.rs:38:30
    |
 38 |     let mnemonic = Mnemonic::from_phrase(&phrase, Language::English)
    |                              ^^^^^^^^^^^ associated function or constant not found in `Mnemonic`
    |
note: if you're trying to build a new `Mnemonic` consider using one of the following associated functions:
      Mnemonic::from_entropy_in
      Mnemonic::from_entropy
      Mnemonic::generate_in_with
      Mnemonic::parse_in_normalized
      and 3 others
   --> /home/mikraza/.cargo/registry/src/index.crates.io-1949cf8c6b5b557f/bip39-1.0.1/src/lib.rs:180:2
    |
180 |       pub fn from_entropy_in(language: Language, entropy: &[u8]) -> Result<Mnemonic, Error> {
    |       ^^^^^^^^^^^^^^^^^^^^^^^^^^^^^^^^^^^^^^^^^^^^^^^^^^^^^^^^^^^^^^^^^^^^^^^^^^^^^^^^^^^^^
...
226 |       pub fn from_entropy(entropy: &[u8]) -> Result<Mnemonic, Error> {
    |       ^^^^^^^^^^^^^^^^^^^^^^^^^^^^^^^^^^^^^^^^^^^^^^^^^^^^^^^^^^^^^^
...
245 | /     pub fn generate_in_with<R>(
246 | |         rng: &mut R,
247 | |         language: Language,
248 | |         word_count: usize,
249 | |     ) -> Result<Mnemonic, Error>
250 | |     where
251 | |         R: rand_core::RngCore + rand_core::CryptoRng,
    | |_____________________________________________________^
...
378 |       pub fn parse_in_normalized(language: Language, s: &str) -> Result<Mnemonic, Error> {
    |       ^^^^^^^^^^^^^^^^^^^^^^^^^^^^^^^^^^^^^^^^^^^^^^^^^^^^^^^^^^^^^^^^^^^^^^^^^^^^^^^^^^

Some errors have detailed explanations: E0432, E0599.
For more information about an error, try `rustc --explain E0432`.
error: could not compile `zero_day_chat` (lib test) due to 3 previous errors
warning: build failed, waiting for other jobs to finish...
error: could not compile `zero_day_chat` (lib) due to 3 previous errors
